#1
./philo 1 800 200 200 2
PASSED

#2
valgrind ./philo 1 800 200 200 2
PASSED

#3
valgrind --tool=helgrind ./philo 1 800 200 200 2
PASSED

#4
./philo 1 60 200 200 2
DID NOT PASS

#5
./philo 2 100 100 100 2
PASSED

#6
./philo 2 100 100 100 2
PASSED

#7
./philo 5 100 100 100
PASSED

#8
./philo 5 50 100 100
PASSED

#9
valgrind ./philo 5 600 100 100 2
PASSED

#10
valgrind --tool=helgrind ./philo 5 600 100 100 2
PASSED

#11
valgrind --tool=helgrind ./philo 5 100 100 100
PASSED


